[20:30:50] INFO: Extracting 30 diverse entities from context...
[20:31:15] INFO: Generating detailed persona for Pope Francis (person)...
[20:31:19] INFO: Generating detailed persona for Cardinal Pietro Parolin (person)...
[20:31:27] INFO: Generating detailed persona for Cardinal Luis Tagle (person)...
[20:31:28] INFO: Generating detailed persona for Cardinal Matteo Zuppi (person)...
[20:31:29] INFO: Generating detailed persona for Cardinal Robert Francis Prevost (person)...
[20:31:33] INFO: Generating detailed persona for Cardinal Fridolin Ambongo (person)...
[20:31:34] INFO: Generating detailed persona for The Wall Street Journal (WSJ) (organization)...
[20:31:40] INFO: Generating detailed persona for Reuters (organization)...
[20:31:41] INFO: Generating detailed persona for Goldman Sachs (organization)...
[20:31:47] INFO: Generating detailed persona for JP Morgan (organization)...
[20:31:54] INFO: Generating detailed persona for The Federal Reserve (The Fed) (organization)...
[20:32:01] INFO: Generating detailed persona for Catholic News Agency (organization)...
[20:32:02] INFO: Generating detailed persona for Caritas Internationalis (organization)...
[20:32:09] INFO: Generating detailed persona for The Vatican (organization)...
[20:32:16] INFO: Generating detailed persona for Pew Research Center (organization)...
[20:32:17] INFO: Generating detailed persona for Cardinal Jorge Mario Bergoglio (person)...
[20:32:22] INFO: Generating detailed persona for Cardinal Angelo Scola (person)...
[20:32:28] INFO: Generating detailed persona for Cardinal Marc Ouellet (person)...
[20:32:34] INFO: Generating detailed persona for Cardinal Timothy Dolan (person)...
[20:32:35] INFO: Generating detailed persona for Cardinal Daniel DiNardo (person)...
[20:32:42] INFO: Generating detailed persona for Cardinal Blase Cupich (person)...
[20:32:43] INFO: Generating detailed persona for Cardinal Joseph Tobin (person)...
[20:32:44] INFO: Generating detailed persona for Cardinal Kevin Farrell (person)...
[20:32:52] INFO: Generating detailed persona for Cardinal Peter Turkson (person)...
[20:32:59] INFO: Generating detailed persona for Cardinal Oswald Gracias (person)...
[20:33:07] INFO: Generating detailed persona for Cardinal John Njue (person)...
[20:33:13] INFO: Generating detailed persona for Cardinal Philippe Barbarin (person)...
[20:33:20] INFO: Generating detailed persona for Cardinal Baselios Cleemis (person)...
[20:33:21] INFO: Generating detailed persona for Cardinal John Onaiyekan (person)...
[20:33:22] INFO: Generating detailed persona for Cardinal Ruben Salazar Gomez (person)...
[20:33:23] INFO: Loaded 81 profiles from event checkpoint: C6
[20:33:23] INFO: Expansion Progress: 81/300. Requesting 3 parallel batches of 5...
[20:33:29] WARNING: Micro-batch generation yielded 0 valid agents. Global retries left: 4
[20:33:29] INFO: Expansion Progress: 81/300. Requesting 3 parallel batches of 5...
[20:33:32] WARNING: Micro-batch generation yielded 0 valid agents. Global retries left: 3
[20:33:32] INFO: Expansion Progress: 81/300. Requesting 3 parallel batches of 5...
[20:33:38] WARNING: Micro-batch generation yielded 0 valid agents. Global retries left: 2
[20:33:38] INFO: Expansion Progress: 81/300. Requesting 3 parallel batches of 5...
[20:33:44] INFO: Expansion Progress: 86/300. Requesting 3 parallel batches of 5...
[20:33:49] WARNING: Micro-batch generation yielded 0 valid agents. Global retries left: 4
[20:33:49] INFO: Expansion Progress: 86/300. Requesting 3 parallel batches of 5...
[20:33:56] INFO: Expansion Progress: 91/300. Requesting 3 parallel batches of 5...
[20:34:02] WARNING: Micro-batch generation yielded 0 valid agents. Global retries left: 4
[20:34:02] INFO: Expansion Progress: 91/300. Requesting 3 parallel batches of 5...
[20:34:03] WARNING: Micro-batch generation yielded 0 valid agents. Global retries left: 3
[20:34:03] INFO: Expansion Progress: 91/300. Requesting 3 parallel batches of 5...
[20:34:08] WARNING: Micro-batch generation yielded 0 valid agents. Global retries left: 2
[20:34:08] INFO: Expansion Progress: 91/300. Requesting 3 parallel batches of 5...
[20:34:13] INFO: Expansion Progress: 96/300. Requesting 3 parallel batches of 5...
[20:34:17] WARNING: Micro-batch generation yielded 0 valid agents. Global retries left: 4
[20:34:17] INFO: Expansion Progress: 96/300. Requesting 3 parallel batches of 5...
[20:34:25] INFO: Expansion Progress: 101/300. Requesting 3 parallel batches of 5...
[20:34:31] WARNING: Micro-batch generation yielded 0 valid agents. Global retries left: 4
[20:34:31] INFO: Expansion Progress: 101/300. Requesting 3 parallel batches of 5...
[20:34:39] INFO: Expansion Progress: 106/300. Requesting 3 parallel batches of 5...
[20:34:43] WARNING: Micro-batch generation yielded 0 valid agents. Global retries left: 4
[20:34:43] INFO: Expansion Progress: 106/300. Requesting 3 parallel batches of 5...
[20:34:48] WARNING: Micro-batch generation yielded 0 valid agents. Global retries left: 3
[20:34:48] INFO: Expansion Progress: 106/300. Requesting 3 parallel batches of 5...
[20:34:51] WARNING: Micro-batch generation yielded 0 valid agents. Global retries left: 2
[20:34:51] INFO: Expansion Progress: 106/300. Requesting 3 parallel batches of 5...
[20:34:54] INFO: Expansion Progress: 111/300. Requesting 3 parallel batches of 5...
[20:34:58] WARNING: Micro-batch generation yielded 0 valid agents. Global retries left: 4
[20:34:58] INFO: Expansion Progress: 111/300. Requesting 3 parallel batches of 5...
[20:35:07] INFO: Expansion Progress: 116/300. Requesting 3 parallel batches of 5...
[20:35:17] WARNING: Micro-batch generation yielded 0 valid agents. Global retries left: 4
[20:35:17] INFO: Expansion Progress: 116/300. Requesting 3 parallel batches of 5...
[20:35:23] WARNING: Micro-batch generation yielded 0 valid agents. Global retries left: 3
[20:35:23] INFO: Expansion Progress: 116/300. Requesting 3 parallel batches of 5...
[20:35:31] WARNING: Micro-batch generation yielded 0 valid agents. Global retries left: 2
[20:35:31] INFO: Expansion Progress: 116/300. Requesting 3 parallel batches of 5...
[20:35:40] WARNING: Micro-batch generation yielded 0 valid agents. Global retries left: 1
[20:35:40] INFO: Expansion Progress: 116/300. Requesting 3 parallel batches of 5...
[20:35:46] WARNING: Micro-batch generation yielded 0 valid agents. Global retries left: 0
[20:35:46] WARNING: Resorting to DIVERSIFIED rule-based fallback for 184 agents.
[20:35:46] INFO: Injecting Global Language Rule into 300 profiles...
DEV_MINIMAL_MODE enabled: polymarket_opening_prior validation relaxed for architecture run.
DEV_MINIMAL_MODE enabled: leakage preflight skipped for architecture run.
Neo4j connected — strict telemetry enabled.
