[20:30:52] INFO: Extracting 30 diverse entities from context...
[20:31:01] INFO: Generating detailed persona for William Lai (person)...
[20:31:01] INFO: Generating detailed persona for Hou Yu-ih (person)...
[20:31:02] INFO: Generating detailed persona for Ko Wen-je (person)...
[20:31:09] INFO: Generating detailed persona for Taiwan Central Election Commission (organization)...
[20:31:15] INFO: Generating detailed persona for Global Taiwan Institute (organization)...
[20:31:16] INFO: Generating detailed persona for RAND Corporation (organization)...
[20:31:25] INFO: Generating detailed persona for WSJ (organization)...
[20:31:30] INFO: Generating detailed persona for Reuters (organization)...
[20:31:37] INFO: Generating detailed persona for Goldman Sachs (organization)...
[20:31:42] INFO: Generating detailed persona for JP Morgan (organization)...
[20:31:43] INFO: Generating detailed persona for The Fed (organization)...
[20:31:48] INFO: Generating detailed persona for Taiwan Ministry of National Defense (organization)...
[20:31:49] INFO: Generating detailed persona for PTT (organization)...
[20:31:53] INFO: Generating detailed persona for CommonWealth Magazine (organization)...
[20:31:54] INFO: Generating detailed persona for ETtoday (organization)...
[20:32:02] INFO: Generating detailed persona for TVBS (organization)...
[20:32:03] INFO: Generating detailed persona for People's Liberation Army Air Force (organization)...
[20:32:10] INFO: Generating detailed persona for William Lai's Campaign Team (organization)...
[20:32:11] INFO: Generating detailed persona for Hou Yu-ih's Campaign Team (organization)...
[20:32:13] INFO: Generating detailed persona for Ko Wen-je's Campaign Team (organization)...
[20:32:13] INFO: Generating detailed persona for Taiwanese Voters (person)...
[20:32:14] INFO: Generating detailed persona for Sunflower Generation (person)...
[20:32:19] INFO: Generating detailed persona for Taiwanese Business Leaders (person)...
[20:32:25] INFO: Generating detailed persona for Taiwanese Academics (person)...
[20:32:29] INFO: Generating detailed persona for Taiwanese Journalists (person)...
[20:32:37] INFO: Generating detailed persona for Taiwanese Activists (person)...
[20:32:38] INFO: Generating detailed persona for Taiwanese Military Personnel (person)...
[20:32:42] INFO: Generating detailed persona for Taiwanese Diplomats (person)...
[20:32:46] INFO: Generating detailed persona for Taiwanese Government Officials (person)...
[20:32:47] INFO: Generating detailed persona for Taiwanese Opposition Parties (organization)...
[20:32:48] INFO: Loaded 50 profiles from event checkpoint: T3
[20:32:48] INFO: Expansion Progress: 50/300. Requesting 3 parallel batches of 5...
[20:32:59] WARNING: Micro-batch generation yielded 0 valid agents. Global retries left: 4
[20:32:59] INFO: Expansion Progress: 50/300. Requesting 3 parallel batches of 5...
[20:33:01] INFO: Expansion Progress: 60/300. Requesting 3 parallel batches of 5...
[20:33:10] WARNING: Micro-batch generation yielded 0 valid agents. Global retries left: 4
[20:33:10] INFO: Expansion Progress: 60/300. Requesting 3 parallel batches of 5...
[20:33:17] INFO: Expansion Progress: 65/300. Requesting 3 parallel batches of 5...
[20:33:52] WARNING: Micro-batch generation yielded 0 valid agents. Global retries left: 4
[20:33:52] INFO: Expansion Progress: 65/300. Requesting 3 parallel batches of 5...
[20:33:57] WARNING: Micro-batch generation yielded 0 valid agents. Global retries left: 3
[20:33:57] INFO: Expansion Progress: 65/300. Requesting 3 parallel batches of 5...
[20:34:05] WARNING: Micro-batch generation yielded 0 valid agents. Global retries left: 2
[20:34:05] INFO: Expansion Progress: 65/300. Requesting 3 parallel batches of 5...
[20:34:10] WARNING: Micro-batch generation yielded 0 valid agents. Global retries left: 1
[20:34:10] INFO: Expansion Progress: 65/300. Requesting 3 parallel batches of 5...
[20:34:19] WARNING: Micro-batch generation yielded 0 valid agents. Global retries left: 0
[20:34:19] WARNING: Resorting to DIVERSIFIED rule-based fallback for 235 agents.
[20:34:19] INFO: Injecting Global Language Rule into 300 profiles...
DEV_MINIMAL_MODE enabled: polymarket_opening_prior validation relaxed for architecture run.
DEV_MINIMAL_MODE enabled: leakage preflight skipped for architecture run.
Neo4j connected — strict telemetry enabled.
