[20:30:58] INFO: Extracting 30 diverse entities from context...
[20:31:14] INFO: Generating detailed persona for Dylan Mulvaney (person)...
[20:31:21] INFO: Generating detailed persona for Michel Doukeris (person)...
[20:31:29] INFO: Generating detailed persona for Kid Rock (person)...
[20:31:30] INFO: Generating detailed persona for Travis Tritt (person)...
[20:31:36] INFO: Generating detailed persona for Tucker Carlson (person)...
[20:31:40] INFO: Generating detailed persona for Ben Shapiro (person)...
[20:31:41] INFO: Generating detailed persona for AB InBev (organization)...
[20:31:48] INFO: Generating detailed persona for Constellation Brands (organization)...
[20:31:49] INFO: Generating detailed persona for Nielsen (organization)...
[20:31:56] INFO: Generating detailed persona for BrandFinance (organization)...
[20:31:57] INFO: Generating detailed persona for Goldman Sachs (organization)...
[20:32:02] INFO: Generating detailed persona for JP Morgan (organization)...
[20:32:08] INFO: Generating detailed persona for The Federal Reserve (organization)...
[20:32:14] INFO: Generating detailed persona for The Daily Wire (organization)...
[20:32:18] INFO: Generating detailed persona for Reuters (organization)...
[20:32:19] INFO: Generating detailed persona for The Wall Street Journal (organization)...
[20:32:20] INFO: Generating detailed persona for WSJ (organization)...
[20:32:21] INFO: Generating detailed persona for TikTok (organization)...
[20:32:22] INFO: Generating detailed persona for Twitter (organization)...
[20:32:28] INFO: Generating detailed persona for Facebook (organization)...
[20:32:29] INFO: Generating detailed persona for Instagram (organization)...
[20:32:30] INFO: Generating detailed persona for Kid Rock's fans (person)...
[20:32:31] INFO: Generating detailed persona for Travis Tritt's fans (person)...
[20:32:35] INFO: Generating detailed persona for Bud Light drinkers (person)...
[20:32:40] INFO: Generating detailed persona for Modelo Especial drinkers (person)...
[20:32:40] INFO: Generating detailed persona for LGBTQ+ advocates (person)...
[20:32:41] INFO: Generating detailed persona for Conservative media outlets (organization)...
[20:32:42] INFO: Generating detailed persona for The Federal Communications Commission (organization)...
[20:32:46] INFO: Generating detailed persona for The US Senate (organization)...
[20:32:47] INFO: Generating detailed persona for The US House of Representatives (organization)...
[20:32:47] INFO: Loaded 30 profiles from event checkpoint: T5
[20:32:47] INFO: Expansion Progress: 30/300. Requesting 3 parallel batches of 5...
[20:32:57] INFO: Expansion Progress: 35/300. Requesting 3 parallel batches of 5...
[20:33:06] INFO: Expansion Progress: 40/300. Requesting 3 parallel batches of 5...
[20:33:35] INFO: Expansion Progress: 45/300. Requesting 3 parallel batches of 5...
[20:33:42] WARNING: Micro-batch generation yielded 0 valid agents. Global retries left: 4
[20:33:42] INFO: Expansion Progress: 45/300. Requesting 3 parallel batches of 5...
[20:33:47] WARNING: Micro-batch generation yielded 0 valid agents. Global retries left: 3
[20:33:47] INFO: Expansion Progress: 45/300. Requesting 3 parallel batches of 5...
[20:33:53] INFO: Expansion Progress: 50/300. Requesting 3 parallel batches of 5...
[20:33:57] WARNING: Micro-batch generation yielded 0 valid agents. Global retries left: 4
[20:33:57] INFO: Expansion Progress: 50/300. Requesting 3 parallel batches of 5...
[20:34:03] WARNING: Micro-batch generation yielded 0 valid agents. Global retries left: 3
[20:34:03] INFO: Expansion Progress: 50/300. Requesting 3 parallel batches of 5...
[20:34:08] WARNING: Micro-batch generation yielded 0 valid agents. Global retries left: 2
[20:34:08] INFO: Expansion Progress: 50/300. Requesting 3 parallel batches of 5...
[20:34:17] WARNING: Micro-batch generation yielded 0 valid agents. Global retries left: 1
[20:34:17] INFO: Expansion Progress: 50/300. Requesting 3 parallel batches of 5...
[20:34:20] WARNING: Micro-batch generation yielded 0 valid agents. Global retries left: 0
[20:34:20] WARNING: Resorting to DIVERSIFIED rule-based fallback for 250 agents.
[20:34:20] INFO: Injecting Global Language Rule into 300 profiles...
DEV_MINIMAL_MODE enabled: polymarket_opening_prior validation relaxed for architecture run.
DEV_MINIMAL_MODE enabled: leakage preflight skipped for architecture run.
Neo4j connected — strict telemetry enabled.
