[20:31:01] INFO: Extracting 30 diverse entities from context...
[20:34:01] INFO: Generating detailed persona for Mary Lou McDonald (person)...
[20:34:03] INFO: Generating detailed persona for Fine Gael (organization)...
[20:34:04] INFO: Generating detailed persona for Fianna Fáil (organization)...
[20:34:10] INFO: Generating detailed persona for Sinn Féin (organization)...
[20:34:11] INFO: Generating detailed persona for Micheál Martin (person)...
[20:34:12] INFO: Generating detailed persona for Simon Harris (person)...
[20:34:13] INFO: Generating detailed persona for The Irish Times (organization)...
[20:34:19] INFO: Generating detailed persona for RTÉ (organization)...
[20:34:20] INFO: Generating detailed persona for The Irish Independent (organization)...
[20:34:21] INFO: Generating detailed persona for The Irish Examiner (organization)...
[20:34:23] INFO: Generating detailed persona for The Sunday Times (organization)...
[20:34:27] INFO: Generating detailed persona for The Irish Daily Mail (organization)...
[20:34:28] INFO: Generating detailed persona for The Irish Daily Star (organization)...
[20:34:28] INFO: Generating detailed persona for The Irish Post (organization)...
[20:34:36] INFO: Generating detailed persona for The Irish World (organization)...
[20:34:37] INFO: Generating detailed persona for The Irish News (organization)...
[20:34:40] INFO: Generating detailed persona for The Irish Times Online (organization)...
[20:34:45] INFO: Generating detailed persona for RTÉ News (organization)...
[20:34:49] INFO: Generating detailed persona for RTÉ Sport (organization)...
[20:34:49] INFO: Generating detailed persona for RTÉ Current Affairs (organization)...
[20:34:53] INFO: Generating detailed persona for RTÉ Arts (organization)...
[20:34:55] INFO: Generating detailed persona for RTÉ Culture (organization)...
[20:34:56] INFO: Generating detailed persona for RTÉ Lifestyle (organization)...
[20:34:59] INFO: Generating detailed persona for RTÉ Entertainment (organization)...
[20:35:00] INFO: Generating detailed persona for RTÉ Lifestyle (organization)...
[20:35:01] INFO: Generating detailed persona for RTÉ Entertainment (organization)...
[20:35:04] INFO: Generating detailed persona for The Irish Times (organization)...
[20:35:09] INFO: Generating detailed persona for The Irish Independent (organization)...
[20:35:14] INFO: Generating detailed persona for The Irish Examiner (organization)...
[20:35:18] INFO: Generating detailed persona for The Sunday Times (organization)...
[20:35:19] INFO: Loaded 30 profiles from event checkpoint: T6
[20:35:19] INFO: Expansion Progress: 30/300. Requesting 3 parallel batches of 5...
[20:35:23] WARNING: Micro-batch generation yielded 0 valid agents. Global retries left: 4
[20:35:23] INFO: Expansion Progress: 30/300. Requesting 3 parallel batches of 5...
[20:35:31] WARNING: Micro-batch generation yielded 0 valid agents. Global retries left: 3
[20:35:31] INFO: Expansion Progress: 30/300. Requesting 3 parallel batches of 5...
[20:35:36] WARNING: Micro-batch generation yielded 0 valid agents. Global retries left: 2
[20:35:36] INFO: Expansion Progress: 30/300. Requesting 3 parallel batches of 5...
[20:35:44] INFO: Expansion Progress: 35/300. Requesting 3 parallel batches of 5...
[20:35:53] WARNING: Micro-batch generation yielded 0 valid agents. Global retries left: 4
[20:35:53] INFO: Expansion Progress: 35/300. Requesting 3 parallel batches of 5...
[20:36:02] WARNING: Micro-batch generation yielded 0 valid agents. Global retries left: 3
[20:36:02] INFO: Expansion Progress: 35/300. Requesting 3 parallel batches of 5...
[20:36:05] WARNING: Micro-batch generation yielded 0 valid agents. Global retries left: 2
[20:36:05] INFO: Expansion Progress: 35/300. Requesting 3 parallel batches of 5...
[20:36:10] WARNING: Micro-batch generation yielded 0 valid agents. Global retries left: 1
[20:36:10] INFO: Expansion Progress: 35/300. Requesting 3 parallel batches of 5...
[20:36:19] WARNING: Micro-batch generation yielded 0 valid agents. Global retries left: 0
[20:36:19] WARNING: Resorting to DIVERSIFIED rule-based fallback for 265 agents.
[20:36:19] INFO: Injecting Global Language Rule into 300 profiles...
DEV_MINIMAL_MODE enabled: polymarket_opening_prior validation relaxed for architecture run.
DEV_MINIMAL_MODE enabled: leakage preflight skipped for architecture run.
Neo4j connected — strict telemetry enabled.
