[20:31:04] INFO: Extracting 30 diverse entities from context...
[20:34:03] INFO: Generating detailed persona for Justin Trudeau (person)...
[20:34:06] INFO: Generating detailed persona for Pierre Poilievre (person)...
[20:34:10] INFO: Generating detailed persona for Mark Carney (person)...
[20:34:13] INFO: Generating detailed persona for Jagmeet Singh (person)...
[20:34:14] INFO: Generating detailed persona for Yves-François Blanchet (person)...
[20:34:15] INFO: Generating detailed persona for Donald Trump (person)...
[20:34:16] INFO: Generating detailed persona for Abacus Data (organization)...
[20:34:20] INFO: Generating detailed persona for Elections Canada (organization)...
[20:34:25] INFO: Generating detailed persona for The Globe and Mail (organization)...
[20:34:26] INFO: Generating detailed persona for The Toronto Star (organization)...
[20:34:27] INFO: Generating detailed persona for The Canadian Press (organization)...
[20:34:27] INFO: Generating detailed persona for Goldman Sachs (organization)...
[20:34:34] INFO: Generating detailed persona for JP Morgan (organization)...
[20:34:35] INFO: Generating detailed persona for The Federal Reserve (organization)...
[20:34:39] INFO: Generating detailed persona for The Bank of Canada (organization)...
[20:34:40] INFO: Generating detailed persona for VoteTogether.ca (organization)...
[20:34:40] INFO: Generating detailed persona for The Canadian Institute for International Policy (organization)...
[20:34:43] INFO: Generating detailed persona for The Centre for International Policy Studies (organization)...
[20:34:44] INFO: Generating detailed persona for The Canadian Chamber of Commerce (organization)...
[20:34:47] INFO: Generating detailed persona for The Canadian Federation of Independent Business (organization)...
[20:34:51] INFO: Generating detailed persona for The Canadian Taxpayers Federation (organization)...
[20:34:54] INFO: Generating detailed persona for The Canadian Coalition for Good Governance (organization)...
[20:34:55] INFO: Generating detailed persona for The Canadian Civil Liberties Association (organization)...
[20:34:56] INFO: Generating detailed persona for The Canadian Human Rights Commission (organization)...
[20:34:59] INFO: Generating detailed persona for The Canadian Human Rights Tribunal (organization)...
[20:35:06] INFO: Generating detailed persona for The Canadian Broadcasting Corporation (organization)...
[20:35:07] INFO: Generating detailed persona for The Canadian Press News Service (organization)...
[20:35:08] INFO: Generating detailed persona for The Canadian Press Wire Service (organization)...
[20:35:09] INFO: Generating detailed persona for The Canadian Press News Bureau (organization)...
[20:35:13] INFO: Generating detailed persona for The Canadian Press News Desk (organization)...
[20:35:20] INFO: Loaded 60 profiles from event checkpoint: T8
[20:35:20] INFO: Expansion Progress: 60/300. Requesting 3 parallel batches of 5...
[20:35:25] WARNING: Micro-batch generation yielded 0 valid agents. Global retries left: 4
[20:35:25] INFO: Expansion Progress: 60/300. Requesting 3 parallel batches of 5...
[20:35:30] INFO: Expansion Progress: 65/300. Requesting 3 parallel batches of 5...
[20:35:35] WARNING: Micro-batch generation yielded 0 valid agents. Global retries left: 4
[20:35:35] INFO: Expansion Progress: 65/300. Requesting 3 parallel batches of 5...
[20:35:38] WARNING: Micro-batch generation yielded 0 valid agents. Global retries left: 3
[20:35:38] INFO: Expansion Progress: 65/300. Requesting 3 parallel batches of 5...
[20:35:45] INFO: Expansion Progress: 70/300. Requesting 3 parallel batches of 5...
[20:35:49] WARNING: Micro-batch generation yielded 0 valid agents. Global retries left: 4
[20:35:49] INFO: Expansion Progress: 70/300. Requesting 3 parallel batches of 5...
[20:35:55] WARNING: Micro-batch generation yielded 0 valid agents. Global retries left: 3
[20:35:55] INFO: Expansion Progress: 70/300. Requesting 3 parallel batches of 5...
[20:36:03] WARNING: Micro-batch generation yielded 0 valid agents. Global retries left: 2
[20:36:03] INFO: Expansion Progress: 70/300. Requesting 3 parallel batches of 5...
[20:36:07] WARNING: Micro-batch generation yielded 0 valid agents. Global retries left: 1
[20:36:07] INFO: Expansion Progress: 70/300. Requesting 3 parallel batches of 5...
[20:36:16] WARNING: Micro-batch generation yielded 0 valid agents. Global retries left: 0
[20:36:16] WARNING: Resorting to DIVERSIFIED rule-based fallback for 230 agents.
[20:36:16] INFO: Injecting Global Language Rule into 300 profiles...
DEV_MINIMAL_MODE enabled: polymarket_opening_prior validation relaxed for architecture run.
DEV_MINIMAL_MODE enabled: leakage preflight skipped for architecture run.
Neo4j connected — strict telemetry enabled.
